
mysql> desc movie;
+------------+----------+------+-----+---------+-------+
| Field      | Type     | Null | Key | Default | Extra |
+------------+----------+------+-----+---------+-------+
| movie_name | char(20) | NO   | PRI |         |       |
| genre      | char(10) | YES  |     | NULL    |       |
| actor_name | char(20) | YES  |     | NULL    |       |
| director   | char(20) | YES  | UNI | NULL    |       |
| production | char(10) | YES  |     | NULL    |       |
+------------+----------+------+-----+---------+-------+
5 rows in set (0.01 sec)

mysql> alter table movie
    -> add foreign key(genre) references movie(genre);
ERROR 1005 (HY000): Can't create table 'bharath.#sql-11cc_1' (errno: 150)
mysql> create table actor
    -> (actor_name char(20),
    -> no.of movies acted int(3));
ERROR 1103 (42000): Incorrect table name 'no'
mysql> create table actor
    -> (actor_name char(20),
    ->  movies acted int(3));
ERROR 1064 (42000): You have an error in your SQL syntax; check the manual that corresponds to your MySQL server version for the right syntax to use near 'acted int(3))' at line 3
mysql> create table actor
    -> (actor_name char(20),
    ->  movies_acted int(3));
Query OK, 0 rows affected (0.05 sec)

mysql> desc actor;
+--------------+----------+------+-----+---------+-------+
| Field        | Type     | Null | Key | Default | Extra |
+--------------+----------+------+-----+---------+-------+
| actor_name   | char(20) | YES  |     | NULL    |       |
| movies_acted | int(3)   | YES  |     | NULL    |       |
+--------------+----------+------+-----+---------+-------+
2 rows in set (0.04 sec)

mysql> alter table movie
    -> add foreign key(actor_name) references actor(actor_name);
ERROR 1005 (HY000): Can't create table 'bharath.#sql-11cc_1' (errno: 150)
mysql> alter table actor add foreign key(actor_name) references movie(actor_name);
ERROR 1005 (HY000): Can't create table 'bharath.#sql-11cc_1' (errno: 150)
mysql> drop table actor;
Query OK, 0 rows affected (0.04 sec)

mysql> create table actor
    -> (actor_name char(20),
    -> ;
ERROR 1064 (42000): You have an error in your SQL syntax; check the manual that corresponds to your MySQL server version for the right syntax to use near '' at line 2
mysql> create table actor
    -> (actor_name char(20),
    ->  movies_acted int(3),
    -> foreign key(actor_name) references movie(actor_name));
ERROR 1005 (HY000): Can't create table 'bharath.actor' (errno: 150)
mysql> create table actor
    -> (actor_name char(20),movies_acted int(3) not null,primary key(movies_acted),foreign key(actor_name) references movie(actor_name));
ERROR 1005 (HY000): Can't create table 'bharath.actor' (errno: 150)
mysql> create table actor
    -> (actor_name char(20),movie_name char(20),primary key(actor_name),foreign key(movie_name) references movie(movie_name));
Query OK, 0 rows affected (0.03 sec)

mysql> desc movie;
+------------+----------+------+-----+---------+-------+
| Field      | Type     | Null | Key | Default | Extra |
+------------+----------+------+-----+---------+-------+
| movie_name | char(20) | NO   | PRI |         |       |
| genre      | char(10) | YES  |     | NULL    |       |
| actor_name | char(20) | YES  |     | NULL    |       |
| director   | char(20) | YES  | UNI | NULL    |       |
| production | char(10) | YES  |     | NULL    |       |
+------------+----------+------+-----+---------+-------+
5 rows in set (0.00 sec)

mysql> desc actor;
+------------+----------+------+-----+---------+-------+
| Field      | Type     | Null | Key | Default | Extra |
+------------+----------+------+-----+---------+-------+
| actor_name | char(20) | NO   | PRI |         |       |
| movie_name | char(20) | YES  | MUL | NULL    |       |
+------------+----------+------+-----+---------+-------+
2 rows in set (0.04 sec)

mysql> alter table movie
    -> add check (genre==action);
ERROR 1064 (42000): You have an error in your SQL syntax; check the manual that corresponds to your MySQL server version for the right syntax to use near '==action)' at line 2
mysql> alter table movie
    -> add check (genre=action);
Query OK, 0 rows affected (0.05 sec)
Records: 0  Duplicates: 0  Warnings: 0

mysql> desc movie;
+------------+----------+------+-----+---------+-------+
| Field      | Type     | Null | Key | Default | Extra |
+------------+----------+------+-----+---------+-------+
| movie_name | char(20) | NO   | PRI |         |       |
| genre      | char(10) | YES  |     | NULL    |       |
| actor_name | char(20) | YES  |     | NULL    |       |
| director   | char(20) | YES  | UNI | NULL    |       |
| production | char(10) | YES  |     | NULL    |       |
+------------+----------+------+-----+---------+-------+
5 rows in set (0.00 sec)

mysql>
